tag,structural~no_damage_mean,structural~no_damage_stdv,structural~Slight_mean,structural~Slight_stdv,structural~Moderate_mean,structural~Moderate_stdv,structural~Extensive_mean,structural~Extensive_stdv,structural~Collapse_mean,structural~Collapse_stdv
"taxonomy-MUR/LWAL/HEX:1",2.682000E+03,0.000000E+00,-1.523619E-11,3.213232E-11,1.045347E-12,2.233282E-12,-4.350956E-09,9.055496E-09,4.365148E-09,9.085390E-09
"taxonomy-MUR/LWAL/HEX:2",0.000000E+00,0.000000E+00,0.000000E+00,0.000000E+00,0.000000E+00,0.000000E+00,0.000000E+00,0.000000E+00,0.000000E+00,0.000000E+00
"taxonomy-MUR/LWAL/HEX:3",0.000000E+00,0.000000E+00,0.000000E+00,0.000000E+00,0.000000E+00,0.000000E+00,0.000000E+00,0.000000E+00,0.000000E+00,0.000000E+00
"taxonomy-MUR/LWAL/HEX:4",0.000000E+00,0.000000E+00,0.000000E+00,0.000000E+00,0.000000E+00,0.000000E+00,0.000000E+00,0.000000E+00,0.000000E+00,0.000000E+00
"taxonomy-MUR/LWAL/HEX:5",0.000000E+00,0.000000E+00,0.000000E+00,0.000000E+00,0.000000E+00,0.000000E+00,0.000000E+00,0.000000E+00,0.000000E+00,0.000000E+00
